/home/Shreekumar/GradeMIND-v2/spike/runs/20261008T091415Z_phase0b2/code/engine_b/run_engine_b.py:46: UserWarning: `lang` and `ocr_version` will be ignored when model names or model directories are not `None`.
  ocr = PaddleOCR(**kw)
[32mCreating model: ('PP-OCRv6_medium_det', None, None)[0m
[32mModel files already exist. Using cached files. To redownload, please delete the directory manually: `/home/Shreekumar/.paddlex/official_models/PP-OCRv6_medium_det`.[0m
[32mCreating model: ('PP-OCRv6_medium_rec', None, None)[0m
[32mModel files already exist. Using cached files. To redownload, please delete the directory manually: `/home/Shreekumar/.paddlex/official_models/PP-OCRv6_medium_rec`.[0m
page_01.jpg: 21.88s lines=89
page_02.jpg: 13.74s lines=40
page_03.jpg: 11.61s lines=18
page_04.jpg: 11.52s lines=21
page_05.jpg: 12.04s lines=26
page_06.jpg: 13.09s lines=19
page_07.jpg: 10.96s lines=12
page_08.jpg: 12.18s lines=19
page_09.jpg: 12.43s lines=22
page_10.jpg: 12.09s lines=19
page_11.jpg: 10.23s lines=12
page_12.jpg: 11.70s lines=24
page_13.jpg: 11.20s lines=19
page_14.jpg: 12.81s lines=18
page_15.jpg: 8.82s lines=6
