`torch_dtype` is deprecated! Use `dtype` instead!
No prebuilt binary for CUDA 12.9, loading CUDA 12.8 instead. Set BNB_CUDA_VERSION to override.
Some weights of UnlimitedOCRForCausalLM were not initialized from the model checkpoint at /home/Shreekumar/models/Unlimited-OCR and are newly initialized: ['model.vision_model.embeddings.position_ids']
You should probably TRAIN this model on a down-stream task to be able to use it for predictions and inference.
RESOLVED {"weights_file": "model-00001-of-000001.safetensors", "weights_sha256": "2bc48a7a110061ea58fff65d3169367eebe3aee371ca6968dc2219c1b2855fc6", "linear8bit_modules": 2196, "param_devices": ["cuda:0"], "class": "UnlimitedOCRForCausalLM"}
The attention mask and the pad token id were not set. As a consequence, you may observe unexpected behavior. Please pass your input's `attention_mask` to obtain reliable results.
Setting `pad_token_id` to `eos_token_id`:1 for open-end generation.
The attention mask is not set and cannot be inferred from input because pad token is same as eos token. As a consequence, you may observe unexpected behavior. Please pass your input's `attention_mask` to obtain reliable results.
MatMul8bitLt: inputs will be cast from torch.bfloat16 to float16 during quantization
[previous line repeated 316796 times]
page_01.jpg: 49.6s tokens=1117 regions=19 peak_alloc=4361MiB flags=['EMPTY_CELL_SPAM_x172']
The attention mask and the pad token id were not set. As a consequence, you may observe unexpected behavior. Please pass your input's `attention_mask` to obtain reliable results.
Setting `pad_token_id` to `eos_token_id`:1 for open-end generation.
MatMul8bitLt: inputs will be cast from torch.bfloat16 to float16 during quantization
[previous line repeated 252566 times]
page_02.jpg: 38.3s tokens=889 regions=19 peak_alloc=4361MiB flags=['COUNTING_SEQUENCE_x86', 'NEAR_DUPLICATE_REGION_PAIRS_x1']
The attention mask and the pad token id were not set. As a consequence, you may observe unexpected behavior. Please pass your input's `attention_mask` to obtain reliable results.
Setting `pad_token_id` to `eos_token_id`:1 for open-end generation.
MatMul8bitLt: inputs will be cast from torch.bfloat16 to float16 during quantization
[previous line repeated 61097 times]
page_03.jpg: 9.5s tokens=210 regions=8 peak_alloc=4361MiB flags=[]
The attention mask and the pad token id were not set. As a consequence, you may observe unexpected behavior. Please pass your input's `attention_mask` to obtain reliable results.
Setting `pad_token_id` to `eos_token_id`:1 for open-end generation.
MatMul8bitLt: inputs will be cast from torch.bfloat16 to float16 during quantization
[previous line repeated 91262 times]
page_04.jpg: 14.1s tokens=317 regions=15 peak_alloc=4361MiB flags=[]
The attention mask and the pad token id were not set. As a consequence, you may observe unexpected behavior. Please pass your input's `attention_mask` to obtain reliable results.
Setting `pad_token_id` to `eos_token_id`:1 for open-end generation.
MatMul8bitLt: inputs will be cast from torch.bfloat16 to float16 during quantization
[previous line repeated 138929 times]
page_05.jpg: 21.2s tokens=486 regions=22 peak_alloc=4361MiB flags=['NEAR_DUPLICATE_REGION_PAIRS_x1']
The attention mask and the pad token id were not set. As a consequence, you may observe unexpected behavior. Please pass your input's `attention_mask` to obtain reliable results.
Setting `pad_token_id` to `eos_token_id`:1 for open-end generation.
MatMul8bitLt: inputs will be cast from torch.bfloat16 to float16 during quantization
[previous line repeated 54332 times]
page_06.jpg: 8.4s tokens=186 regions=4 peak_alloc=4361MiB flags=[]
The attention mask and the pad token id were not set. As a consequence, you may observe unexpected behavior. Please pass your input's `attention_mask` to obtain reliable results.
Setting `pad_token_id` to `eos_token_id`:1 for open-end generation.
MatMul8bitLt: inputs will be cast from torch.bfloat16 to float16 during quantization
[previous line repeated 43337 times]
page_07.jpg: 6.7s tokens=147 regions=4 peak_alloc=4361MiB flags=[]
The attention mask and the pad token id were not set. As a consequence, you may observe unexpected behavior. Please pass your input's `attention_mask` to obtain reliable results.
Setting `pad_token_id` to `eos_token_id`:1 for open-end generation.
MatMul8bitLt: inputs will be cast from torch.bfloat16 to float16 during quantization
[previous line repeated 47558 times]
page_08.jpg: 7.3s tokens=162 regions=1 peak_alloc=4361MiB flags=[]
The attention mask and the pad token id were not set. As a consequence, you may observe unexpected behavior. Please pass your input's `attention_mask` to obtain reliable results.
Setting `pad_token_id` to `eos_token_id`:1 for open-end generation.
MatMul8bitLt: inputs will be cast from torch.bfloat16 to float16 during quantization
[previous line repeated 60248 times]
page_09.jpg: 9.3s tokens=207 regions=5 peak_alloc=4361MiB flags=[]
The attention mask and the pad token id were not set. As a consequence, you may observe unexpected behavior. Please pass your input's `attention_mask` to obtain reliable results.
Setting `pad_token_id` to `eos_token_id`:1 for open-end generation.
MatMul8bitLt: inputs will be cast from torch.bfloat16 to float16 during quantization
[previous line repeated 45305 times]
page_10.jpg: 6.9s tokens=154 regions=1 peak_alloc=4361MiB flags=[]
The attention mask and the pad token id were not set. As a consequence, you may observe unexpected behavior. Please pass your input's `attention_mask` to obtain reliable results.
Setting `pad_token_id` to `eos_token_id`:1 for open-end generation.
MatMul8bitLt: inputs will be cast from torch.bfloat16 to float16 during quantization
[previous line repeated 37403 times]
page_11.jpg: 5.9s tokens=126 regions=4 peak_alloc=4361MiB flags=[]
The attention mask and the pad token id were not set. As a consequence, you may observe unexpected behavior. Please pass your input's `attention_mask` to obtain reliable results.
Setting `pad_token_id` to `eos_token_id`:1 for open-end generation.
MatMul8bitLt: inputs will be cast from torch.bfloat16 to float16 during quantization
[previous line repeated 57707 times]
page_12.jpg: 8.8s tokens=198 regions=4 peak_alloc=4361MiB flags=[]
The attention mask and the pad token id were not set. As a consequence, you may observe unexpected behavior. Please pass your input's `attention_mask` to obtain reliable results.
Setting `pad_token_id` to `eos_token_id`:1 for open-end generation.
MatMul8bitLt: inputs will be cast from torch.bfloat16 to float16 during quantization
[previous line repeated 53765 times]
page_13.jpg: 8.3s tokens=184 regions=4 peak_alloc=4361MiB flags=['UNEXPECTED_SCRIPT_CJK_x2']
The attention mask and the pad token id were not set. As a consequence, you may observe unexpected behavior. Please pass your input's `attention_mask` to obtain reliable results.
Setting `pad_token_id` to `eos_token_id`:1 for open-end generation.
MatMul8bitLt: inputs will be cast from torch.bfloat16 to float16 during quantization
[previous line repeated 51779 times]
page_14.jpg: 8.0s tokens=177 regions=4 peak_alloc=4361MiB flags=[]
The attention mask and the pad token id were not set. As a consequence, you may observe unexpected behavior. Please pass your input's `attention_mask` to obtain reliable results.
Setting `pad_token_id` to `eos_token_id`:1 for open-end generation.
MatMul8bitLt: inputs will be cast from torch.bfloat16 to float16 during quantization
[previous line repeated 27824 times]
page_15.jpg: 4.4s tokens=92 regions=2 peak_alloc=4361MiB flags=[]
