/home/Shreekumar/GradeMIND-v2/spike/runs/20261008T105442Z_phase0b3/code/engine_b/run_engine_b.py:58: UserWarning: `lang` and `ocr_version` will be ignored when model names or model directories are not `None`.
  ocr = PaddleOCR(**kw)
[32mCreating model: ('PP-OCRv6_medium_det', None, None)[0m
[32mModel files already exist. Using cached files. To redownload, please delete the directory manually: `/home/Shreekumar/.paddlex/official_models/PP-OCRv6_medium_det`.[0m
[32mCreating model: ('PP-OCRv6_medium_rec', None, None)[0m
[32mModel files already exist. Using cached files. To redownload, please delete the directory manually: `/home/Shreekumar/.paddlex/official_models/PP-OCRv6_medium_rec`.[0m
RESOLVED {"det": {"name": "PP-OCRv6_medium_det", "dir": "/home/Shreekumar/.paddlex/official_models/PP-OCRv6_medium_det"}, "rec": {"name": "PP-OCRv6_medium_rec", "dir": "/home/Shreekumar/.paddlex/official_models/PP-OCRv6_medium_rec"}}
page_01.jpg: 20.66s lines=91
page_02.jpg: 10.43s lines=28
page_03.jpg: 11.43s lines=17
page_04.jpg: 11.79s lines=17
page_05.jpg: 15.00s lines=27
page_06.jpg: 13.27s lines=19
page_07.jpg: 11.25s lines=11
page_08.jpg: 12.38s lines=19
page_09.jpg: 13.33s lines=23
page_10.jpg: 10.56s lines=19
page_11.jpg: 10.48s lines=14
page_12.jpg: 11.91s lines=23
page_13.jpg: 12.95s lines=19
page_14.jpg: 12.91s lines=18
page_15.jpg: 9.22s lines=7
