/home/Shreekumar/GradeMIND-v2/spike/runs/20261008T105442Z_phase0b3/code/engine_b/run_engine_b.py:58: UserWarning: `lang` and `ocr_version` will be ignored when model names or model directories are not `None`.
  ocr = PaddleOCR(**kw)
[32mCreating model: ('PP-OCRv6_medium_det', None, None)[0m
[32mModel files already exist. Using cached files. To redownload, please delete the directory manually: `/home/Shreekumar/.paddlex/official_models/PP-OCRv6_medium_det`.[0m
[32mCreating model: ('PP-OCRv6_medium_rec', None, None)[0m
[32mModel files already exist. Using cached files. To redownload, please delete the directory manually: `/home/Shreekumar/.paddlex/official_models/PP-OCRv6_medium_rec`.[0m
RESOLVED {"det": {"name": "PP-OCRv6_medium_det", "dir": "/home/Shreekumar/.paddlex/official_models/PP-OCRv6_medium_det"}, "rec": {"name": "PP-OCRv6_medium_rec", "dir": "/home/Shreekumar/.paddlex/official_models/PP-OCRv6_medium_rec"}}
page_01.jpg: 20.34s lines=83
page_02.jpg: 10.61s lines=31
page_03.jpg: 11.79s lines=16
page_04.jpg: 10.24s lines=19
page_05.jpg: 15.19s lines=27
page_06.jpg: 13.88s lines=20
page_07.jpg: 11.09s lines=11
page_08.jpg: 12.17s lines=19
page_09.jpg: 11.45s lines=26
page_10.jpg: 12.33s lines=19
page_11.jpg: 10.56s lines=13
page_12.jpg: 11.32s lines=29
page_13.jpg: 10.95s lines=19
page_14.jpg: 12.78s lines=18
page_15.jpg: 9.13s lines=7
