`torch_dtype` is deprecated! Use `dtype` instead!
No prebuilt binary for CUDA 12.9, loading CUDA 12.8 instead. Set BNB_CUDA_VERSION to override.
Some weights of UnlimitedOCRForCausalLM were not initialized from the model checkpoint at /home/Shreekumar/models/Unlimited-OCR and are newly initialized: ['model.vision_model.embeddings.position_ids']
You should probably TRAIN this model on a down-stream task to be able to use it for predictions and inference.
RESOLVED {"weights_file": "model-00001-of-000001.safetensors", "weights_sha256": "2bc48a7a110061ea58fff65d3169367eebe3aee371ca6968dc2219c1b2855fc6", "linear8bit_modules": 2196, "param_devices": ["cuda:0"], "class": "UnlimitedOCRForCausalLM"}
The attention mask and the pad token id were not set. As a consequence, you may observe unexpected behavior. Please pass your input's `attention_mask` to obtain reliable results.
Setting `pad_token_id` to `eos_token_id`:1 for open-end generation.
The attention mask is not set and cannot be inferred from input because pad token is same as eos token. As a consequence, you may observe unexpected behavior. Please pass your input's `attention_mask` to obtain reliable results.
MatMul8bitLt: inputs will be cast from torch.bfloat16 to float16 during quantization
[previous line repeated 350897 times]
page_01.jpg: 55.1s tokens=1238 regions=13 peak_alloc=4361MiB flags=['EMPTY_CELL_SPAM_x213']
The attention mask and the pad token id were not set. As a consequence, you may observe unexpected behavior. Please pass your input's `attention_mask` to obtain reliable results.
Setting `pad_token_id` to `eos_token_id`:1 for open-end generation.
MatMul8bitLt: inputs will be cast from torch.bfloat16 to float16 during quantization
[previous line repeated 209387 times]
page_02.jpg: 31.8s tokens=736 regions=6 peak_alloc=4361MiB flags=['COUNTING_SEQUENCE_x100', 'UNEXPECTED_SCRIPT_CJK_x3', 'NEAR_DUPLICATE_REGION_PAIRS_x1']
The attention mask and the pad token id were not set. As a consequence, you may observe unexpected behavior. Please pass your input's `attention_mask` to obtain reliable results.
Setting `pad_token_id` to `eos_token_id`:1 for open-end generation.
MatMul8bitLt: inputs will be cast from torch.bfloat16 to float16 during quantization
[previous line repeated 97745 times]
page_03.jpg: 15.5s tokens=340 regions=16 peak_alloc=4361MiB flags=[]
The attention mask and the pad token id were not set. As a consequence, you may observe unexpected behavior. Please pass your input's `attention_mask` to obtain reliable results.
Setting `pad_token_id` to `eos_token_id`:1 for open-end generation.
MatMul8bitLt: inputs will be cast from torch.bfloat16 to float16 during quantization
[previous line repeated 77720 times]
page_04.jpg: 12.1s tokens=269 regions=12 peak_alloc=4361MiB flags=[]
The attention mask and the pad token id were not set. As a consequence, you may observe unexpected behavior. Please pass your input's `attention_mask` to obtain reliable results.
Setting `pad_token_id` to `eos_token_id`:1 for open-end generation.
MatMul8bitLt: inputs will be cast from torch.bfloat16 to float16 during quantization
[previous line repeated 138629 times]
page_05.jpg: 21.4s tokens=485 regions=23 peak_alloc=4361MiB flags=['NEAR_DUPLICATE_REGION_PAIRS_x1']
The attention mask and the pad token id were not set. As a consequence, you may observe unexpected behavior. Please pass your input's `attention_mask` to obtain reliable results.
Setting `pad_token_id` to `eos_token_id`:1 for open-end generation.
MatMul8bitLt: inputs will be cast from torch.bfloat16 to float16 during quantization
[previous line repeated 53771 times]
page_06.jpg: 8.6s tokens=184 regions=4 peak_alloc=4361MiB flags=[]
The attention mask and the pad token id were not set. As a consequence, you may observe unexpected behavior. Please pass your input's `attention_mask` to obtain reliable results.
Setting `pad_token_id` to `eos_token_id`:1 for open-end generation.
MatMul8bitLt: inputs will be cast from torch.bfloat16 to float16 during quantization
[previous line repeated 41075 times]
page_07.jpg: 6.4s tokens=139 regions=3 peak_alloc=4361MiB flags=[]
The attention mask and the pad token id were not set. As a consequence, you may observe unexpected behavior. Please pass your input's `attention_mask` to obtain reliable results.
Setting `pad_token_id` to `eos_token_id`:1 for open-end generation.
MatMul8bitLt: inputs will be cast from torch.bfloat16 to float16 during quantization
[previous line repeated 57716 times]
page_08.jpg: 9.0s tokens=198 regions=6 peak_alloc=4361MiB flags=[]
The attention mask and the pad token id were not set. As a consequence, you may observe unexpected behavior. Please pass your input's `attention_mask` to obtain reliable results.
Setting `pad_token_id` to `eos_token_id`:1 for open-end generation.
MatMul8bitLt: inputs will be cast from torch.bfloat16 to float16 during quantization
[previous line repeated 59381 times]
page_09.jpg: 9.2s tokens=204 regions=5 peak_alloc=4361MiB flags=[]
The attention mask and the pad token id were not set. As a consequence, you may observe unexpected behavior. Please pass your input's `attention_mask` to obtain reliable results.
Setting `pad_token_id` to `eos_token_id`:1 for open-end generation.
MatMul8bitLt: inputs will be cast from torch.bfloat16 to float16 during quantization
[previous line repeated 53759 times]
page_10.jpg: 8.4s tokens=184 regions=5 peak_alloc=4361MiB flags=[]
The attention mask and the pad token id were not set. As a consequence, you may observe unexpected behavior. Please pass your input's `attention_mask` to obtain reliable results.
Setting `pad_token_id` to `eos_token_id`:1 for open-end generation.
MatMul8bitLt: inputs will be cast from torch.bfloat16 to float16 during quantization
[previous line repeated 39647 times]
page_11.jpg: 6.2s tokens=134 regions=4 peak_alloc=4361MiB flags=[]
The attention mask and the pad token id were not set. As a consequence, you may observe unexpected behavior. Please pass your input's `attention_mask` to obtain reliable results.
Setting `pad_token_id` to `eos_token_id`:1 for open-end generation.
MatMul8bitLt: inputs will be cast from torch.bfloat16 to float16 during quantization
[previous line repeated 105629 times]
page_12.jpg: 16.4s tokens=368 regions=16 peak_alloc=4361MiB flags=['UNEXPECTED_SCRIPT_CJK_x3']
The attention mask and the pad token id were not set. As a consequence, you may observe unexpected behavior. Please pass your input's `attention_mask` to obtain reliable results.
Setting `pad_token_id` to `eos_token_id`:1 for open-end generation.
MatMul8bitLt: inputs will be cast from torch.bfloat16 to float16 during quantization
[previous line repeated 54887 times]
page_13.jpg: 8.5s tokens=188 regions=4 peak_alloc=4361MiB flags=[]
The attention mask and the pad token id were not set. As a consequence, you may observe unexpected behavior. Please pass your input's `attention_mask` to obtain reliable results.
Setting `pad_token_id` to `eos_token_id`:1 for open-end generation.
MatMul8bitLt: inputs will be cast from torch.bfloat16 to float16 during quantization
[previous line repeated 51506 times]
page_14.jpg: 8.0s tokens=176 regions=4 peak_alloc=4361MiB flags=[]
The attention mask and the pad token id were not set. As a consequence, you may observe unexpected behavior. Please pass your input's `attention_mask` to obtain reliable results.
Setting `pad_token_id` to `eos_token_id`:1 for open-end generation.
MatMul8bitLt: inputs will be cast from torch.bfloat16 to float16 during quantization
[previous line repeated 29240 times]
page_15.jpg: 4.6s tokens=97 regions=2 peak_alloc=4361MiB flags=[]
