/home/Shreekumar/GradeMIND-v2/spike/runs/20261008T105442Z_phase0b3/code/engine_b/run_engine_b.py:58: UserWarning: `lang` and `ocr_version` will be ignored when model names or model directories are not `None`.
  ocr = PaddleOCR(**kw)
[32mCreating model: ('PP-OCRv5_server_det', None, None)[0m
[32mModel files already exist. Using cached files. To redownload, please delete the directory manually: `/home/Shreekumar/.paddlex/official_models/PP-OCRv5_server_det`.[0m
[32mCreating model: ('PP-OCRv5_server_rec', None, None)[0m
[32mModel files already exist. Using cached files. To redownload, please delete the directory manually: `/home/Shreekumar/.paddlex/official_models/PP-OCRv5_server_rec`.[0m
RESOLVED {"det": {"name": "PP-OCRv5_server_det", "dir": "/home/Shreekumar/.paddlex/official_models/PP-OCRv5_server_det"}, "rec": {"name": "PP-OCRv5_server_rec", "dir": "/home/Shreekumar/.paddlex/official_models/PP-OCRv5_server_rec"}}
page_01.jpg: 27.24s lines=106
page_02.jpg: 22.11s lines=44
page_03.jpg: 22.61s lines=23
page_04.jpg: 22.39s lines=34
page_05.jpg: 24.20s lines=29
page_06.jpg: 22.08s lines=27
page_07.jpg: 21.76s lines=26
page_08.jpg: 22.54s lines=38
page_09.jpg: 23.80s lines=47
page_10.jpg: 23.54s lines=63
page_11.jpg: 22.42s lines=41
page_12.jpg: 22.49s lines=45
page_13.jpg: 23.39s lines=39
page_14.jpg: 22.41s lines=42
page_15.jpg: 19.70s lines=24
