/home/Shreekumar/GradeMIND-v2/spike/runs/20261008T105442Z_phase0b3/code/engine_b/run_engine_b.py:58: UserWarning: `lang` and `ocr_version` will be ignored when model names or model directories are not `None`.
  ocr = PaddleOCR(**kw)
[32mCreating model: ('PP-OCRv6_medium_det', None, None)[0m
[32mModel files already exist. Using cached files. To redownload, please delete the directory manually: `/home/Shreekumar/.paddlex/official_models/PP-OCRv6_medium_det`.[0m
[32mCreating model: ('PP-OCRv6_medium_rec', None, None)[0m
[32mModel files already exist. Using cached files. To redownload, please delete the directory manually: `/home/Shreekumar/.paddlex/official_models/PP-OCRv6_medium_rec`.[0m
RESOLVED {"det": {"name": "PP-OCRv6_medium_det", "dir": "/home/Shreekumar/.paddlex/official_models/PP-OCRv6_medium_det"}, "rec": {"name": "PP-OCRv6_medium_rec", "dir": "/home/Shreekumar/.paddlex/official_models/PP-OCRv6_medium_rec"}}
page_01.jpg: 16.92s lines=88
page_02.jpg: 13.03s lines=37
page_03.jpg: 12.02s lines=19
page_04.jpg: 11.97s lines=19
page_05.jpg: 15.68s lines=28
page_06.jpg: 13.49s lines=19
page_07.jpg: 11.27s lines=12
page_08.jpg: 11.66s lines=19
page_09.jpg: 14.61s lines=30
page_10.jpg: 12.99s lines=20
page_11.jpg: 10.81s lines=13
page_12.jpg: 12.47s lines=29
page_13.jpg: 13.63s lines=20
page_14.jpg: 12.94s lines=19
page_15.jpg: 9.28s lines=7
