/home/Shreekumar/GradeMIND-v2/spike/runs/20261008T105442Z_phase0b3/code/engine_b/run_engine_b.py:58: UserWarning: `lang` and `ocr_version` will be ignored when model names or model directories are not `None`.
  ocr = PaddleOCR(**kw)
[32mCreating model: ('PP-OCRv5_server_det', None, None)[0m
[32mModel files already exist. Using cached files. To redownload, please delete the directory manually: `/home/Shreekumar/.paddlex/official_models/PP-OCRv5_server_det`.[0m
[32mCreating model: ('PP-OCRv5_server_rec', None, None)[0m
[32mModel files already exist. Using cached files. To redownload, please delete the directory manually: `/home/Shreekumar/.paddlex/official_models/PP-OCRv5_server_rec`.[0m
RESOLVED {"det": {"name": "PP-OCRv5_server_det", "dir": "/home/Shreekumar/.paddlex/official_models/PP-OCRv5_server_det"}, "rec": {"name": "PP-OCRv5_server_rec", "dir": "/home/Shreekumar/.paddlex/official_models/PP-OCRv5_server_rec"}}
page_01.jpg: 27.72s lines=111
page_02.jpg: 24.33s lines=66
page_03.jpg: 23.03s lines=24
page_04.jpg: 27.64s lines=82
page_05.jpg: 24.68s lines=27
page_06.jpg: 22.60s lines=25
page_07.jpg: 22.44s lines=32
page_08.jpg: 22.26s lines=28
page_09.jpg: 24.35s lines=51
page_10.jpg: 22.03s lines=31
page_11.jpg: 22.31s lines=37
page_12.jpg: 23.68s lines=48
page_13.jpg: 23.27s lines=27
page_14.jpg: 22.84s lines=42
page_15.jpg: 19.38s lines=16
