/home/Shreekumar/GradeMIND-v2/spike/runs/20261008T083940Z_phase0b/code/engine_b/run_engine_b.py:41: UserWarning: `lang` and `ocr_version` will be ignored when model names or model directories are not `None`.
  ocr = PaddleOCR(**kw)
[32mCreating model: ('PP-OCRv6_medium_det', None, None)[0m
[33mChecking connectivity to the model hosters, this may take a while. To bypass this check, set `PADDLE_PDX_DISABLE_MODEL_SOURCE_CHECK` to `True`.[0m
[32mUsing official model (PP-OCRv6_medium_det), the model files will be automatically downloaded and saved in `/home/Shreekumar/.paddlex/official_models/PP-OCRv6_medium_det`.[0m
[2026-10-08 14:14:06,089] [    INFO] _client.py:1085 - HTTP Request: GET https://huggingface.co/api/models/PaddlePaddle/PP-OCRv6_medium_det/revision/main "HTTP/1.1 200 OK"
[2026-10-08 14:14:06,343] [    INFO] _client.py:1085 - HTTP Request: GET https://huggingface.co/api/models/PaddlePaddle/PP-OCRv6_medium_det/tree/8e0f56fb2ef86b461d99cfc7ac5c137738985f61?recursive=true&expand=false "HTTP/1.1 200 OK"
Fetching 5 files:   0%|          | 0/5 [00:00<?, ?it/s][2026-10-08 14:14:06,612] [    INFO] _client.py:1085 - HTTP Request: HEAD https://huggingface.co/PaddlePaddle/PP-OCRv6_medium_det/resolve/8e0f56fb2ef86b461d99cfc7ac5c137738985f61/.gitattributes "HTTP/1.1 307 Temporary Redirect"
[2026-10-08 14:14:06,695] [    INFO] _client.py:1085 - HTTP Request: HEAD https://huggingface.co/PaddlePaddle/PP-OCRv6_medium_det/resolve/8e0f56fb2ef86b461d99cfc7ac5c137738985f61/inference.json "HTTP/1.1 307 Temporary Redirect"
[2026-10-08 14:14:06,704] [    INFO] _client.py:1085 - HTTP Request: HEAD https://huggingface.co/PaddlePaddle/PP-OCRv6_medium_det/resolve/8e0f56fb2ef86b461d99cfc7ac5c137738985f61/inference.yml "HTTP/1.1 307 Temporary Redirect"
[2026-10-08 14:14:06,723] [    INFO] _client.py:1085 - HTTP Request: GET https://huggingface.co/api/models/PaddlePaddle/PP-OCRv6_medium_det/xet-read-token/8e0f56fb2ef86b461d99cfc7ac5c137738985f61 "HTTP/1.1 200 OK"
[2026-10-08 14:14:06,741] [    INFO] _client.py:1085 - HTTP Request: HEAD https://huggingface.co/PaddlePaddle/PP-OCRv6_medium_det/resolve/8e0f56fb2ef86b461d99cfc7ac5c137738985f61/README.md "HTTP/1.1 307 Temporary Redirect"
[2026-10-08 14:14:06,858] [    INFO] _client.py:1085 - HTTP Request: HEAD https://huggingface.co/api/resolve-cache/models/PaddlePaddle/PP-OCRv6_medium_det/8e0f56fb2ef86b461d99cfc7ac5c137738985f61/.gitattributes?%2FPaddlePaddle%2FPP-OCRv6_medium_det%2Fresolve%2F8e0f56fb2ef86b461d99cfc7ac5c137738985f61%2F.gitattributes=&etag=%22c48a31d8dce80bfbfe392212dc49792e212a6436%22 "HTTP/1.1 200 OK"
[2026-10-08 14:14:06,936] [    INFO] _client.py:1085 - HTTP Request: HEAD https://huggingface.co/api/resolve-cache/models/PaddlePaddle/PP-OCRv6_medium_det/8e0f56fb2ef86b461d99cfc7ac5c137738985f61/inference.json?%2FPaddlePaddle%2FPP-OCRv6_medium_det%2Fresolve%2F8e0f56fb2ef86b461d99cfc7ac5c137738985f61%2Finference.json=&etag=%22548f60c00e9303a0323feceeae460256576671a6%22 "HTTP/1.1 200 OK"
[2026-10-08 14:14:06,952] [    INFO] _client.py:1085 - HTTP Request: HEAD https://huggingface.co/api/resolve-cache/models/PaddlePaddle/PP-OCRv6_medium_det/8e0f56fb2ef86b461d99cfc7ac5c137738985f61/inference.yml?%2FPaddlePaddle%2FPP-OCRv6_medium_det%2Fresolve%2F8e0f56fb2ef86b461d99cfc7ac5c137738985f61%2Finference.yml=&etag=%221c5c05809877e4c7385f899019fff0ac9017ca80%22 "HTTP/1.1 200 OK"
[2026-10-08 14:14:07,005] [    INFO] _client.py:1085 - HTTP Request: HEAD https://huggingface.co/api/resolve-cache/models/PaddlePaddle/PP-OCRv6_medium_det/8e0f56fb2ef86b461d99cfc7ac5c137738985f61/README.md?%2FPaddlePaddle%2FPP-OCRv6_medium_det%2Fresolve%2F8e0f56fb2ef86b461d99cfc7ac5c137738985f61%2FREADME.md=&etag=%22715b0f0fcd71d2edc118b1e624ffd954fd9a02db%22 "HTTP/1.1 200 OK"
[2026-10-08 14:14:07,121] [    INFO] _client.py:1085 - HTTP Request: GET https://huggingface.co/api/resolve-cache/models/PaddlePaddle/PP-OCRv6_medium_det/8e0f56fb2ef86b461d99cfc7ac5c137738985f61/.gitattributes?%2FPaddlePaddle%2FPP-OCRv6_medium_det%2Fresolve%2F8e0f56fb2ef86b461d99cfc7ac5c137738985f61%2F.gitattributes=&etag=%22c48a31d8dce80bfbfe392212dc49792e212a6436%22 "HTTP/1.1 200 OK"
Fetching 5 files:  20%|██        | 1/5 [00:00<00:03,  1.29it/s][2026-10-08 14:14:07,198] [    INFO] _client.py:1085 - HTTP Request: GET https://huggingface.co/api/resolve-cache/models/PaddlePaddle/PP-OCRv6_medium_det/8e0f56fb2ef86b461d99cfc7ac5c137738985f61/inference.json?%2FPaddlePaddle%2FPP-OCRv6_medium_det%2Fresolve%2F8e0f56fb2ef86b461d99cfc7ac5c137738985f61%2Finference.json=&etag=%22548f60c00e9303a0323feceeae460256576671a6%22 "HTTP/1.1 200 OK"
[2026-10-08 14:14:07,200] [    INFO] _client.py:1085 - HTTP Request: GET https://huggingface.co/api/resolve-cache/models/PaddlePaddle/PP-OCRv6_medium_det/8e0f56fb2ef86b461d99cfc7ac5c137738985f61/inference.yml?%2FPaddlePaddle%2FPP-OCRv6_medium_det%2Fresolve%2F8e0f56fb2ef86b461d99cfc7ac5c137738985f61%2Finference.yml=&etag=%221c5c05809877e4c7385f899019fff0ac9017ca80%22 "HTTP/1.1 200 OK"
[2026-10-08 14:14:07,247] [    INFO] _client.py:1085 - HTTP Request: GET https://huggingface.co/api/resolve-cache/models/PaddlePaddle/PP-OCRv6_medium_det/8e0f56fb2ef86b461d99cfc7ac5c137738985f61/README.md?%2FPaddlePaddle%2FPP-OCRv6_medium_det%2Fresolve%2F8e0f56fb2ef86b461d99cfc7ac5c137738985f61%2FREADME.md=&etag=%22715b0f0fcd71d2edc118b1e624ffd954fd9a02db%22 "HTTP/1.1 200 OK"
Fetching 5 files:  80%|████████  | 4/5 [00:00<00:00,  5.45it/s]Fetching 5 files: 100%|██████████| 5/5 [00:14<00:00,  2.92s/it]
[32mCreating model: ('PP-OCRv5_server_rec', None, None)[0m
[32mUsing official model (PP-OCRv5_server_rec), the model files will be automatically downloaded and saved in `/home/Shreekumar/.paddlex/official_models/PP-OCRv5_server_rec`.[0m
[2026-10-08 14:14:21,415] [    INFO] _client.py:1085 - HTTP Request: GET https://huggingface.co/api/models/PaddlePaddle/PP-OCRv5_server_rec/revision/main "HTTP/1.1 200 OK"
[2026-10-08 14:14:21,681] [    INFO] _client.py:1085 - HTTP Request: GET https://huggingface.co/api/models/PaddlePaddle/PP-OCRv5_server_rec/tree/b26c3587fda8da3c8ec0ce357214b4d661ff1558?recursive=true&expand=false "HTTP/1.1 200 OK"
Fetching 6 files:   0%|          | 0/6 [00:00<?, ?it/s][2026-10-08 14:14:21,937] [    INFO] _client.py:1085 - HTTP Request: HEAD https://huggingface.co/PaddlePaddle/PP-OCRv5_server_rec/resolve/b26c3587fda8da3c8ec0ce357214b4d661ff1558/config.json "HTTP/1.1 307 Temporary Redirect"
[2026-10-08 14:14:22,036] [    INFO] _client.py:1085 - HTTP Request: HEAD https://huggingface.co/PaddlePaddle/PP-OCRv5_server_rec/resolve/b26c3587fda8da3c8ec0ce357214b4d661ff1558/README.md "HTTP/1.1 307 Temporary Redirect"
[2026-10-08 14:14:22,058] [    INFO] _client.py:1085 - HTTP Request: GET https://huggingface.co/api/models/PaddlePaddle/PP-OCRv5_server_rec/xet-read-token/b26c3587fda8da3c8ec0ce357214b4d661ff1558 "HTTP/1.1 200 OK"
[2026-10-08 14:14:22,066] [    INFO] _client.py:1085 - HTTP Request: HEAD https://huggingface.co/PaddlePaddle/PP-OCRv5_server_rec/resolve/b26c3587fda8da3c8ec0ce357214b4d661ff1558/inference.json "HTTP/1.1 307 Temporary Redirect"
[2026-10-08 14:14:22,085] [    INFO] _client.py:1085 - HTTP Request: HEAD https://huggingface.co/PaddlePaddle/PP-OCRv5_server_rec/resolve/b26c3587fda8da3c8ec0ce357214b4d661ff1558/.gitattributes "HTTP/1.1 307 Temporary Redirect"
[2026-10-08 14:14:22,102] [    INFO] _client.py:1085 - HTTP Request: HEAD https://huggingface.co/PaddlePaddle/PP-OCRv5_server_rec/resolve/b26c3587fda8da3c8ec0ce357214b4d661ff1558/inference.yml "HTTP/1.1 307 Temporary Redirect"
[2026-10-08 14:14:22,186] [    INFO] _client.py:1085 - HTTP Request: HEAD https://huggingface.co/api/resolve-cache/models/PaddlePaddle/PP-OCRv5_server_rec/b26c3587fda8da3c8ec0ce357214b4d661ff1558/config.json?%2FPaddlePaddle%2FPP-OCRv5_server_rec%2Fresolve%2Fb26c3587fda8da3c8ec0ce357214b4d661ff1558%2Fconfig.json=&etag=%2202221e994d4da4e8acee4b789c7d77ac3e33add4%22 "HTTP/1.1 200 OK"
[2026-10-08 14:14:22,275] [    INFO] _client.py:1085 - HTTP Request: HEAD https://huggingface.co/api/resolve-cache/models/PaddlePaddle/PP-OCRv5_server_rec/b26c3587fda8da3c8ec0ce357214b4d661ff1558/README.md?%2FPaddlePaddle%2FPP-OCRv5_server_rec%2Fresolve%2Fb26c3587fda8da3c8ec0ce357214b4d661ff1558%2FREADME.md=&etag=%223a50ec2847c72089c7381e6426ca6aaa63a90fc2%22 "HTTP/1.1 200 OK"
[2026-10-08 14:14:22,315] [    INFO] _client.py:1085 - HTTP Request: HEAD https://huggingface.co/api/resolve-cache/models/PaddlePaddle/PP-OCRv5_server_rec/b26c3587fda8da3c8ec0ce357214b4d661ff1558/inference.json?%2FPaddlePaddle%2FPP-OCRv5_server_rec%2Fresolve%2Fb26c3587fda8da3c8ec0ce357214b4d661ff1558%2Finference.json=&etag=%2267011337d66c66562b8a719c70e40cfcc242ac9e%22 "HTTP/1.1 200 OK"
[2026-10-08 14:14:22,348] [    INFO] _client.py:1085 - HTTP Request: HEAD https://huggingface.co/api/resolve-cache/models/PaddlePaddle/PP-OCRv5_server_rec/b26c3587fda8da3c8ec0ce357214b4d661ff1558/inference.yml?%2FPaddlePaddle%2FPP-OCRv5_server_rec%2Fresolve%2Fb26c3587fda8da3c8ec0ce357214b4d661ff1558%2Finference.yml=&etag=%22f5156e77296f540e963bdf4f89be90153234a90e%22 "HTTP/1.1 200 OK"
[2026-10-08 14:14:22,380] [    INFO] _client.py:1085 - HTTP Request: HEAD https://huggingface.co/api/resolve-cache/models/PaddlePaddle/PP-OCRv5_server_rec/b26c3587fda8da3c8ec0ce357214b4d661ff1558/.gitattributes?%2FPaddlePaddle%2FPP-OCRv5_server_rec%2Fresolve%2Fb26c3587fda8da3c8ec0ce357214b4d661ff1558%2F.gitattributes=&etag=%22c48a31d8dce80bfbfe392212dc49792e212a6436%22 "HTTP/1.1 200 OK"
[2026-10-08 14:14:22,443] [    INFO] _client.py:1085 - HTTP Request: GET https://huggingface.co/api/resolve-cache/models/PaddlePaddle/PP-OCRv5_server_rec/b26c3587fda8da3c8ec0ce357214b4d661ff1558/config.json?%2FPaddlePaddle%2FPP-OCRv5_server_rec%2Fresolve%2Fb26c3587fda8da3c8ec0ce357214b4d661ff1558%2Fconfig.json=&etag=%2202221e994d4da4e8acee4b789c7d77ac3e33add4%22 "HTTP/1.1 200 OK"
Fetching 6 files:  17%|█▋        | 1/6 [00:00<00:03,  1.26it/s][2026-10-08 14:14:22,540] [    INFO] _client.py:1085 - HTTP Request: GET https://huggingface.co/api/resolve-cache/models/PaddlePaddle/PP-OCRv5_server_rec/b26c3587fda8da3c8ec0ce357214b4d661ff1558/README.md?%2FPaddlePaddle%2FPP-OCRv5_server_rec%2Fresolve%2Fb26c3587fda8da3c8ec0ce357214b4d661ff1558%2FREADME.md=&etag=%223a50ec2847c72089c7381e6426ca6aaa63a90fc2%22 "HTTP/1.1 200 OK"
[2026-10-08 14:14:22,591] [    INFO] _client.py:1085 - HTTP Request: GET https://huggingface.co/api/resolve-cache/models/PaddlePaddle/PP-OCRv5_server_rec/b26c3587fda8da3c8ec0ce357214b4d661ff1558/inference.json?%2FPaddlePaddle%2FPP-OCRv5_server_rec%2Fresolve%2Fb26c3587fda8da3c8ec0ce357214b4d661ff1558%2Finference.json=&etag=%2267011337d66c66562b8a719c70e40cfcc242ac9e%22 "HTTP/1.1 200 OK"
Fetching 6 files:  50%|█████     | 3/6 [00:00<00:00,  3.97it/s][2026-10-08 14:14:22,605] [    INFO] _client.py:1085 - HTTP Request: GET https://huggingface.co/api/resolve-cache/models/PaddlePaddle/PP-OCRv5_server_rec/b26c3587fda8da3c8ec0ce357214b4d661ff1558/inference.yml?%2FPaddlePaddle%2FPP-OCRv5_server_rec%2Fresolve%2Fb26c3587fda8da3c8ec0ce357214b4d661ff1558%2Finference.yml=&etag=%22f5156e77296f540e963bdf4f89be90153234a90e%22 "HTTP/1.1 200 OK"
[2026-10-08 14:14:22,644] [    INFO] _client.py:1085 - HTTP Request: GET https://huggingface.co/api/resolve-cache/models/PaddlePaddle/PP-OCRv5_server_rec/b26c3587fda8da3c8ec0ce357214b4d661ff1558/.gitattributes?%2FPaddlePaddle%2FPP-OCRv5_server_rec%2Fresolve%2Fb26c3587fda8da3c8ec0ce357214b4d661ff1558%2F.gitattributes=&etag=%22c48a31d8dce80bfbfe392212dc49792e212a6436%22 "HTTP/1.1 200 OK"
Fetching 6 files:  83%|████████▎ | 5/6 [00:14<00:00,  3.97it/s]Fetching 6 files: 100%|██████████| 6/6 [00:24<00:00,  5.00s/it]Fetching 6 files: 100%|██████████| 6/6 [00:24<00:00,  4.15s/it]
page_01.jpg: 15.78s lines=102
page_02.jpg: 9.75s lines=29
page_03.jpg: 8.82s lines=30
page_04.jpg: 9.27s lines=27
page_05.jpg: 10.22s lines=42
page_06.jpg: 9.48s lines=33
page_07.jpg: 9.36s lines=39
page_08.jpg: 9.70s lines=34
page_09.jpg: 8.39s lines=30
page_10.jpg: 9.43s lines=36
page_11.jpg: 9.46s lines=36
page_12.jpg: 9.01s lines=10
