/home/Shreekumar/GradeMIND-v2/spike/runs/20261008T083940Z_phase0b/code/engine_b/run_engine_b.py:41: UserWarning: `lang` and `ocr_version` will be ignored when model names or model directories are not `None`.
  ocr = PaddleOCR(**kw)
[32mCreating model: ('PP-OCRv6_medium_det', None, None)[0m
[32mModel files already exist. Using cached files. To redownload, please delete the directory manually: `/home/Shreekumar/.paddlex/official_models/PP-OCRv6_medium_det`.[0m
[32mCreating model: ('PP-OCRv5_server_rec', None, None)[0m
[32mModel files already exist. Using cached files. To redownload, please delete the directory manually: `/home/Shreekumar/.paddlex/official_models/PP-OCRv5_server_rec`.[0m
page_01.jpg: 15.24s lines=93
page_02.jpg: 10.08s lines=18
page_03.jpg: 10.58s lines=19
page_04.jpg: 10.13s lines=18
page_05.jpg: 12.05s lines=27
page_06.jpg: 10.96s lines=19
page_07.jpg: 9.35s lines=11
page_08.jpg: 10.36s lines=19
page_09.jpg: 10.73s lines=19
page_10.jpg: 10.50s lines=19
page_11.jpg: 9.25s lines=15
page_12.jpg: 9.50s lines=20
page_13.jpg: 11.28s lines=20
page_14.jpg: 11.12s lines=18
page_15.jpg: 8.69s lines=7
