/home/Shreekumar/GradeMIND-v2/spike/runs/20261008T083940Z_phase0b/code/engine_b/run_engine_b.py:41: UserWarning: `lang` and `ocr_version` will be ignored when model names or model directories are not `None`.
  ocr = PaddleOCR(**kw)
[32mCreating model: ('PP-OCRv6_medium_det', None, None)[0m
[32mModel files already exist. Using cached files. To redownload, please delete the directory manually: `/home/Shreekumar/.paddlex/official_models/PP-OCRv6_medium_det`.[0m
[32mCreating model: ('PP-OCRv5_server_rec', None, None)[0m
[32mModel files already exist. Using cached files. To redownload, please delete the directory manually: `/home/Shreekumar/.paddlex/official_models/PP-OCRv5_server_rec`.[0m
page_01.jpg: 14.62s lines=89
page_02.jpg: 10.65s lines=40
page_03.jpg: 10.16s lines=18
page_04.jpg: 9.91s lines=21
page_05.jpg: 11.88s lines=26
page_06.jpg: 11.47s lines=19
page_07.jpg: 10.20s lines=12
page_08.jpg: 11.02s lines=19
page_09.jpg: 10.55s lines=22
page_10.jpg: 10.63s lines=19
page_11.jpg: 9.26s lines=12
page_12.jpg: 9.72s lines=24
page_13.jpg: 10.41s lines=19
page_14.jpg: 10.44s lines=18
page_15.jpg: 7.90s lines=6
