`torch_dtype` is deprecated! Use `dtype` instead!
No prebuilt binary for CUDA 12.9, loading CUDA 12.8 instead. Set BNB_CUDA_VERSION to override.
Some weights of UnlimitedOCRForCausalLM were not initialized from the model checkpoint at /home/Shreekumar/models/Unlimited-OCR and are newly initialized: ['model.vision_model.embeddings.position_ids']
You should probably TRAIN this model on a down-stream task to be able to use it for predictions and inference.
The attention mask and the pad token id were not set. As a consequence, you may observe unexpected behavior. Please pass your input's `attention_mask` to obtain reliable results.
Setting `pad_token_id` to `eos_token_id`:1 for open-end generation.
The attention mask is not set and cannot be inferred from input because pad token is same as eos token. As a consequence, you may observe unexpected behavior. Please pass your input's `attention_mask` to obtain reliable results.
MatMul8bitLt: inputs will be cast from torch.bfloat16 to float16 during quantization
[previous line repeated 385148 times]
page_01.jpg: 67.1s tokens=1359 regions=8 peak_alloc=6153MiB flags=['COUNTING_SEQUENCE_x32']
The attention mask and the pad token id were not set. As a consequence, you may observe unexpected behavior. Please pass your input's `attention_mask` to obtain reliable results.
Setting `pad_token_id` to `eos_token_id`:1 for open-end generation.
MatMul8bitLt: inputs will be cast from torch.bfloat16 to float16 during quantization
[previous line repeated 371048 times]
page_02.jpg: 61.6s tokens=1309 regions=5 peak_alloc=6153MiB flags=["CHAR_RUN_'0'_x109", 'NEAR_DUPLICATE_REGION_PAIRS_x6', 'REPEATED_BBOX_x3']
The attention mask and the pad token id were not set. As a consequence, you may observe unexpected behavior. Please pass your input's `attention_mask` to obtain reliable results.
Setting `pad_token_id` to `eos_token_id`:1 for open-end generation.
MatMul8bitLt: inputs will be cast from torch.bfloat16 to float16 during quantization
[previous line repeated 40826 times]
page_03.jpg: 6.9s tokens=138 regions=1 peak_alloc=6153MiB flags=[]
The attention mask and the pad token id were not set. As a consequence, you may observe unexpected behavior. Please pass your input's `attention_mask` to obtain reliable results.
Setting `pad_token_id` to `eos_token_id`:1 for open-end generation.
MatMul8bitLt: inputs will be cast from torch.bfloat16 to float16 during quantization
[previous line repeated 39134 times]
page_04.jpg: 6.8s tokens=132 regions=1 peak_alloc=6153MiB flags=[]
The attention mask and the pad token id were not set. As a consequence, you may observe unexpected behavior. Please pass your input's `attention_mask` to obtain reliable results.
Setting `pad_token_id` to `eos_token_id`:1 for open-end generation.
MatMul8bitLt: inputs will be cast from torch.bfloat16 to float16 during quantization
[previous line repeated 50978 times]
page_05.jpg: 8.3s tokens=174 regions=1 peak_alloc=5148MiB flags=[]
The attention mask and the pad token id were not set. As a consequence, you may observe unexpected behavior. Please pass your input's `attention_mask` to obtain reliable results.
Setting `pad_token_id` to `eos_token_id`:1 for open-end generation.
MatMul8bitLt: inputs will be cast from torch.bfloat16 to float16 during quantization
[previous line repeated 20240 times]
page_06.jpg: 3.8s tokens=65 regions=1 peak_alloc=6153MiB flags=[]
The attention mask and the pad token id were not set. As a consequence, you may observe unexpected behavior. Please pass your input's `attention_mask` to obtain reliable results.
Setting `pad_token_id` to `eos_token_id`:1 for open-end generation.
MatMul8bitLt: inputs will be cast from torch.bfloat16 to float16 during quantization
[previous line repeated 103430 times]
page_07.jpg: 16.8s tokens=360 regions=7 peak_alloc=6153MiB flags=[]
The attention mask and the pad token id were not set. As a consequence, you may observe unexpected behavior. Please pass your input's `attention_mask` to obtain reliable results.
Setting `pad_token_id` to `eos_token_id`:1 for open-end generation.
MatMul8bitLt: inputs will be cast from torch.bfloat16 to float16 during quantization
[previous line repeated 43082 times]
page_08.jpg: 8.5s tokens=146 regions=1 peak_alloc=6153MiB flags=[]
The attention mask and the pad token id were not set. As a consequence, you may observe unexpected behavior. Please pass your input's `attention_mask` to obtain reliable results.
Setting `pad_token_id` to `eos_token_id`:1 for open-end generation.
MatMul8bitLt: inputs will be cast from torch.bfloat16 to float16 during quantization
[previous line repeated 55208 times]
page_09.jpg: 9.4s tokens=189 regions=7 peak_alloc=6153MiB flags=[]
The attention mask and the pad token id were not set. As a consequence, you may observe unexpected behavior. Please pass your input's `attention_mask` to obtain reliable results.
Setting `pad_token_id` to `eos_token_id`:1 for open-end generation.
MatMul8bitLt: inputs will be cast from torch.bfloat16 to float16 during quantization
[previous line repeated 43646 times]
page_10.jpg: 7.5s tokens=148 regions=1 peak_alloc=6153MiB flags=[]
The attention mask and the pad token id were not set. As a consequence, you may observe unexpected behavior. Please pass your input's `attention_mask` to obtain reliable results.
Setting `pad_token_id` to `eos_token_id`:1 for open-end generation.
MatMul8bitLt: inputs will be cast from torch.bfloat16 to float16 during quantization
[previous line repeated 385148 times]
page_11.jpg: 60.6s tokens=1359 regions=1 peak_alloc=6153MiB flags=[]
The attention mask and the pad token id were not set. As a consequence, you may observe unexpected behavior. Please pass your input's `attention_mask` to obtain reliable results.
Setting `pad_token_id` to `eos_token_id`:1 for open-end generation.
MatMul8bitLt: inputs will be cast from torch.bfloat16 to float16 during quantization
[previous line repeated 15446 times]
page_12.jpg: 3.0s tokens=48 regions=2 peak_alloc=5815MiB flags=[]
